// Jest Snapshot v1, https://goo.gl/fbAQLP

exports[`#ProductTrade matchs snapshot properly 1`] = `
<View
  style={
    Object {
      "backgroundColor": "#F5FCFF",
      "flex": 1,
    }
  }
>
  <View
    pointerEvents="auto"
    style={
      Array [
        Object {
          "alignItems": "stretch",
          "bottom": 0,
          "left": 0,
          "position": "absolute",
          "right": 0,
          "top": 0,
        },
        Object {
          "backgroundColor": "#4FD0E9",
          "marginBottom": 0,
          "marginTop": 0,
        },
        Object {},
      ]
    }
  >
    <View
      pointerEvents="box-none"
      style={
        Array [
          Object {
            "bottom": 0,
            "left": 0,
            "position": "absolute",
            "right": 0,
            "top": 0,
          },
          Object {
            "zIndex": -3,
          },
        ]
      }
    >
      <View
        accessibilityRole="button"
        accessibilityStates={Array []}
        accessible={true}
        clickable={true}
        isTVSelectable={true}
        onClick={[Function]}
        onResponderGrant={[Function]}
        onResponderMove={[Function]}
        onResponderRelease={[Function]}
        onResponderTerminate={[Function]}
        onResponderTerminationRequest={[Function]}
        onStartShouldSetResponder={[Function]}
        style={
          Object {
            "opacity": 1,
          }
        }
      >
        <View
          style={
            Array [
              Object {},
            ]
          }
        >
          <Text
            style={
              Array [
                Object {
                  "color": "#007AFF",
                  "fontSize": 18,
                  "padding": 8,
                  "textAlign": "center",
                },
              ]
            }
          >
            Desfazer ação
          </Text>
        </View>
      </View>
    </View>
    <View
      style={
        Object {
          "flex": 1,
          "height": 1174,
          "left": 20,
          "position": "absolute",
          "top": 80,
          "transform": Array [
            Object {
              "translateX": -750,
            },
            Object {
              "translateY": -1334,
            },
          ],
          "width": 710,
          "zIndex": 4,
        }
      }
    >
      <View
        style={
          Object {
            "alignItems": "center",
            "backgroundColor": "white",
            "borderColor": "#E8E8E8",
            "borderRadius": 4,
            "borderWidth": 2,
            "flex": 1,
            "height": "50%",
            "justifyContent": "center",
          }
        }
      >
        <Image
          source={
            Object {
              "testUri": "../../../src/components/images/product1.png",
            }
          }
          style={
            Object {
              "height": 150,
              "width": 150,
            }
          }
        />
        <Text
          style={
            Object {
              "backgroundColor": "transparent",
              "fontSize": 50,
              "textAlign": "center",
            }
          }
        >
          produto 2
        </Text>
      </View>
    </View>
    <View
      onMoveShouldSetResponder={[Function]}
      onMoveShouldSetResponderCapture={[Function]}
      onResponderEnd={[Function]}
      onResponderGrant={[Function]}
      onResponderMove={[Function]}
      onResponderReject={[Function]}
      onResponderRelease={[Function]}
      onResponderStart={[Function]}
      onResponderTerminate={[Function]}
      onResponderTerminationRequest={[Function]}
      onStartShouldSetResponder={[Function]}
      onStartShouldSetResponderCapture={[Function]}
      style={
        Object {
          "flex": 1,
          "height": 1174,
          "left": 20,
          "opacity": 1,
          "position": "absolute",
          "top": 80,
          "transform": Array [
            Object {
              "translateX": 0,
            },
            Object {
              "translateY": 0,
            },
            Object {
              "rotate": "0deg",
            },
          ],
          "width": 710,
          "zIndex": 1,
        }
      }
    >
      <View
        style={
          Object {
            "alignItems": "center",
            "backgroundColor": "white",
            "borderColor": "#E8E8E8",
            "borderRadius": 4,
            "borderWidth": 2,
            "flex": 1,
            "height": "50%",
            "justifyContent": "center",
          }
        }
      >
        <Image
          source={
            Object {
              "testUri": "../../../src/components/images/product1.png",
            }
          }
          style={
            Object {
              "height": 150,
              "width": 150,
            }
          }
        />
        <Text
          style={
            Object {
              "backgroundColor": "transparent",
              "fontSize": 50,
              "textAlign": "center",
            }
          }
        >
          produto 1
        </Text>
      </View>
    </View>
    <View
      onMoveShouldSetResponder={[Function]}
      onMoveShouldSetResponderCapture={[Function]}
      onResponderEnd={[Function]}
      onResponderGrant={[Function]}
      onResponderMove={[Function]}
      onResponderReject={[Function]}
      onResponderRelease={[Function]}
      onResponderStart={[Function]}
      onResponderTerminate={[Function]}
      onResponderTerminationRequest={[Function]}
      onStartShouldSetResponder={[Function]}
      onStartShouldSetResponderCapture={[Function]}
      style={
        Object {
          "flex": 1,
          "height": 1174,
          "left": 20,
          "position": "absolute",
          "top": 80,
          "transform": Array [
            Object {
              "scale": 0.97,
            },
            Object {
              "translateY": 15,
            },
          ],
          "width": 710,
          "zIndex": -1,
        }
      }
    >
      <View
        style={
          Object {
            "alignItems": "center",
            "backgroundColor": "white",
            "borderColor": "#E8E8E8",
            "borderRadius": 4,
            "borderWidth": 2,
            "flex": 1,
            "height": "50%",
            "justifyContent": "center",
          }
        }
      >
        <Image
          source={
            Object {
              "testUri": "../../../src/components/images/product1.png",
            }
          }
          style={
            Object {
              "height": 150,
              "width": 150,
            }
          }
        />
        <Text
          style={
            Object {
              "backgroundColor": "transparent",
              "fontSize": 50,
              "textAlign": "center",
            }
          }
        >
          produto 2
        </Text>
      </View>
    </View>
  </View>
</View>
`;
