// Jest Snapshot v1, https://goo.gl/fbAQLP

exports[`#Login matchs snapshot properly 1`] = `
<View
  onLayout={[Function]}
  style={
    Object {
      "backgroundColor": "#FFFAFA",
      "flex": 1,
      "padding": 20,
    }
  }
>
  <View
    style={
      Object {
        "alignItems": "center",
        "flexGrow": 1,
        "justifyContent": "center",
      }
    }
  >
    <Image
      resizeMode="contain"
      source={
        Object {
          "testUri": "../../../src/components/images/itrade-logo.png",
        }
      }
      style={
        Object {
          "height": 100,
          "position": "absolute",
          "width": 300,
        }
      }
    />
  </View>
  <View>
    <TextInput
      allowFontScaling={true}
      autoCapitalize="none"
      autoCorrect={false}
      keyboardType="email-address"
      onChangeText={[Function]}
      onSubmitEditing={[Function]}
      placeholder="Email"
      placeholderTextColor="#CD7F32"
      rejectResponderTermination={true}
      returnKeyType="next"
      style={
        Object {
          "backgroundColor": "#E3E1E1",
          "color": "#000",
          "height": 40,
          "marginBottom": 10,
          "padding": 10,
        }
      }
      underlineColorAndroid="transparent"
      value=""
    />
    <TextInput
      allowFontScaling={true}
      onChangeText={[Function]}
      placeholder="Senha"
      placeholderTextColor="#CD7F32"
      rejectResponderTermination={true}
      returnKeyType="go"
      secureTextEntry={true}
      style={
        Object {
          "backgroundColor": "#E3E1E1",
          "color": "#000",
          "height": 40,
          "marginBottom": 10,
          "padding": 10,
        }
      }
      underlineColorAndroid="transparent"
      value=""
    />
    <View
      accessible={true}
      clickable={true}
      isTVSelectable={true}
      onClick={[Function]}
      onResponderGrant={[Function]}
      onResponderMove={[Function]}
      onResponderRelease={[Function]}
      onResponderTerminate={[Function]}
      onResponderTerminationRequest={[Function]}
      onStartShouldSetResponder={[Function]}
      style={
        Object {
          "backgroundColor": "#FD6D64",
          "marginBottom": 10,
          "opacity": 1,
          "paddingVertical": 15,
        }
      }
    >
      <Text
        style={
          Object {
            "color": "#fff",
            "fontWeight": "700",
            "textAlign": "center",
          }
        }
      >
        LOGIN
      </Text>
    </View>
    <View
      accessible={true}
      clickable={true}
      isTVSelectable={true}
      onClick={[Function]}
      onResponderGrant={[Function]}
      onResponderMove={[Function]}
      onResponderRelease={[Function]}
      onResponderTerminate={[Function]}
      onResponderTerminationRequest={[Function]}
      onStartShouldSetResponder={[Function]}
      style={
        Object {
          "color": "#CD7F32",
          "marginBottom": 20,
          "opacity": 1,
          "textAlign": "center",
        }
      }
    >
      <Text
        style={
          Object {
            "color": "#CD7F32",
            "marginBottom": 20,
            "textAlign": "center",
          }
        }
      >
        Registre-se
      </Text>
    </View>
  </View>
</View>
`;
