// Jest Snapshot v1, https://goo.gl/fbAQLP

exports[`#ProfileEdit matchs snapshot properly 1`] = `
<View
  style={
    Object {
      "alignContent": "center",
      "backgroundColor": "#FFFAFA",
      "flex": 1,
      "padding": 20,
    }
  }
>
  <View
    style={
      Object {
        "backgroundColor": "#FD6D64",
        "height": 200,
      }
    }
  />
  <Image
    source={
      Object {
        "testUri": "../../../src/components/images/avatar.png",
      }
    }
    style={
      Object {
        "alignSelf": "center",
        "borderColor": "white",
        "borderRadius": 63,
        "borderWidth": 4,
        "height": 130,
        "marginBottom": 10,
        "marginTop": 130,
        "position": "absolute",
        "width": 130,
      }
    }
  />
  <View
    style={
      Object {
        "alignItems": "center",
        "marginBottom": 40,
        "marginTop": 40,
      }
    }
  />
  <TextInput
    allowFontScaling={true}
    autoCapitalize="none"
    onChangeText={[Function]}
    placeholder="Nome"
    placeholderTextColor="#CD7F32"
    rejectResponderTermination={true}
    style={
      Object {
        "backgroundColor": "#E3E1E1",
        "color": "#000",
        "height": 40,
        "marginBottom": 10,
        "padding": 10,
      }
    }
    underlineColorAndroid="transparent"
    value=""
  />
  <TextInput
    allowFontScaling={true}
    autoCapitalize="none"
    onChangeText={[Function]}
    placeholder="Email"
    placeholderTextColor="#CD7F32"
    rejectResponderTermination={true}
    style={
      Object {
        "backgroundColor": "#E3E1E1",
        "color": "#000",
        "height": 40,
        "marginBottom": 10,
        "padding": 10,
      }
    }
    underlineColorAndroid="transparent"
    value=""
  />
  <TextInput
    allowFontScaling={true}
    autoCapitalize="none"
    onChangeText={[Function]}
    placeholder="Telefone"
    placeholderTextColor="#CD7F32"
    rejectResponderTermination={true}
    style={
      Object {
        "backgroundColor": "#E3E1E1",
        "color": "#000",
        "height": 40,
        "marginBottom": 10,
        "padding": 10,
      }
    }
    underlineColorAndroid="transparent"
    value=""
  />
  <View
    accessibilityRole="button"
    accessibilityStates={Array []}
    accessible={true}
    clickable={true}
    isTVSelectable={true}
    onClick={[Function]}
    onResponderGrant={[Function]}
    onResponderMove={[Function]}
    onResponderRelease={[Function]}
    onResponderTerminate={[Function]}
    onResponderTerminationRequest={[Function]}
    onStartShouldSetResponder={[Function]}
    style={
      Object {
        "opacity": 1,
      }
    }
  >
    <View
      style={
        Array [
          Object {},
        ]
      }
    >
      <Text
        style={
          Array [
            Object {
              "color": "#007AFF",
              "fontSize": 18,
              "padding": 8,
              "textAlign": "center",
            },
            Object {
              "color": "#239033",
            },
          ]
        }
      >
        Salvar dados
      </Text>
    </View>
  </View>
</View>
`;

exports[`ProfileEdit matchs snapshot properly 1`] = `
<View
  style={
    Object {
      "alignContent": "center",
      "backgroundColor": "#FFFAFA",
      "flex": 1,
      "padding": 20,
    }
  }
>
  <View
    style={
      Object {
        "backgroundColor": "#FD6D64",
        "height": 200,
      }
    }
  />
  <Image
    source={
      Object {
        "testUri": "../../../src/components/images/avatar.png",
      }
    }
    style={
      Object {
        "alignSelf": "center",
        "borderColor": "white",
        "borderRadius": 63,
        "borderWidth": 4,
        "height": 130,
        "marginBottom": 10,
        "marginTop": 130,
        "position": "absolute",
        "width": 130,
      }
    }
  />
  <View
    style={
      Object {
        "alignItems": "center",
        "marginBottom": 40,
        "marginTop": 40,
      }
    }
  />
  <TextInput
    allowFontScaling={true}
    autoCapitalize="none"
    onChangeText={[Function]}
    placeholder="Nome"
    placeholderTextColor="#CD7F32"
    rejectResponderTermination={true}
    style={
      Object {
        "backgroundColor": "#E3E1E1",
        "color": "#000",
        "height": 40,
        "marginBottom": 10,
        "padding": 10,
      }
    }
    underlineColorAndroid="transparent"
    value=""
  />
  <TextInput
    allowFontScaling={true}
    autoCapitalize="none"
    onChangeText={[Function]}
    placeholder="Email"
    placeholderTextColor="#CD7F32"
    rejectResponderTermination={true}
    style={
      Object {
        "backgroundColor": "#E3E1E1",
        "color": "#000",
        "height": 40,
        "marginBottom": 10,
        "padding": 10,
      }
    }
    underlineColorAndroid="transparent"
    value=""
  />
  <TextInput
    allowFontScaling={true}
    autoCapitalize="none"
    onChangeText={[Function]}
    placeholder="Telefone"
    placeholderTextColor="#CD7F32"
    rejectResponderTermination={true}
    style={
      Object {
        "backgroundColor": "#E3E1E1",
        "color": "#000",
        "height": 40,
        "marginBottom": 10,
        "padding": 10,
      }
    }
    underlineColorAndroid="transparent"
    value=""
  />
  <View
    accessibilityRole="button"
    accessibilityStates={Array []}
    accessible={true}
    clickable={true}
    isTVSelectable={true}
    onClick={[Function]}
    onResponderGrant={[Function]}
    onResponderMove={[Function]}
    onResponderRelease={[Function]}
    onResponderTerminate={[Function]}
    onResponderTerminationRequest={[Function]}
    onStartShouldSetResponder={[Function]}
    style={
      Object {
        "opacity": 1,
      }
    }
  >
    <View
      style={
        Array [
          Object {},
        ]
      }
    >
      <Text
        style={
          Array [
            Object {
              "color": "#007AFF",
              "fontSize": 18,
              "padding": 8,
              "textAlign": "center",
            },
            Object {
              "color": "#239033",
            },
          ]
        }
      >
        Salvar dados
      </Text>
    </View>
  </View>
</View>
`;
